Called 'fromJust' on null expression: AllTypes.result.maybeListNull
CallStack (from HasCallStack):
  error, called at src/Data/Aeson/Schema/TH/Get.hs:115:33 in aeson-schemas-0.1.0-8cB2Uvjew8r32lGZuaEal4:Data.Aeson.Schema.TH.Get