Cannot get key 'a' in schema: List {"type": Text, "maybeBool": Maybe Bool, "maybeInt": Maybe Int, "maybeNull": Maybe Bool}