Object (SchemaObject [("a", 'SchemaMaybe), ("b", 'SchemaInt)])