Cannot use `?` operator on schema: Schema {"type": Text, "maybeBool": Maybe Bool, "maybeInt": Maybe Int, "maybeNull": Maybe Bool}