fromList [(2,Merging MergeFailed),(3,Merging MergeFailed)]