Just (CIStatus [("test1",CISuccess),("test2",CIFailed)])