Just (CIStatus [("test1",CIRunning),("test2",CIWaiting)])