Just (CIStatus [("test1",CIFailed),("test2",CIWaiting)])