SessionInfo {repoOwner = "LeapYear", repoName = "merge-bot-test", userName = "test-username", userPhoto = "test.png"}