Just (CIStatus [("test1",CIWaiting),("test2",CIWaiting)])