Result: Just [1]

====== MockState ======

Commits:
* GHCommit {commitHash = "0", commitParents = Nothing, commitMessage = "Some fix", commitTree = "2", commitContexts = []}
* GHCommit {commitHash = "1", commitParents = Nothing, commitMessage = "Some fix", commitTree = "3", commitContexts = []}
* GHCommit {commitHash = "4", commitParents = Just ["0"], commitMessage = "[ci skip] temp", commitTree = "2", commitContexts = []}
* GHCommit {commitHash = "5", commitParents = Just ["4","1"], commitMessage = "[ci skip] merge into temp", commitTree = "6", commitContexts = []}
* GHCommit {commitHash = "7", commitParents = Just ["0","1"], commitMessage = "Merge #1", commitTree = "6", commitContexts = []}

Branches:
* master -> 7
* test -> 1

Trees:
* 2 ->
  .lymerge.yaml | {"statuses":["test1"]}
* 3 ->

* 6 ->
  .lymerge.yaml | {"statuses":["test1"]}

Pull Requests:
* GHPullRequest {prNum = 1, prTitle = "Test PR", prAuthor = "alice", prCreated = "2000-01-01T00:00:00Z", prUpdated = "2000-01-01T00:00:00Z", prBody = "This PR is very important", prCommitHash = "1", prBranch = "test", prBaseBranch = "master"}

=======================
