fromList [(1,MergeQueue),(2,Merging MergeRunning),(3,Merging MergeRunning)]