fromList [(1,Trying TryRunning),(2,Merging MergeRunning),(3,Merging MergeRunning),(4,MergeQueue)]