fromList [(2,Merging MergeRunning),(3,Merging MergeRunning)]