Cannot use the '[]' operator on the schema SchemaObject{text=SchemaText}
CallStack (from HasCallStack):
  error, called at src/Data/GraphQL/Result/Getter/Internal.hs:136:12 in graphql-client-0.1.0-56eSVdBnMkzJYo9pxki0G:Data.GraphQL.Result.Getter.Internal