[fromList [("maybeBool",Bool True),("type",String "bool")],fromList [("type",String "int"),("maybeInt",Number 2.0)],fromList [("maybeNull",Null),("type",String "null")]]