[fromList [("maybeBool",Bool True),("type",String "bool")],fromList [("type",String "int"),("maybeInt",Null)]]