Just [fromList [("text",String "foo")],fromList [("text",String "bar")]]