[UnsafeObject (fromList [("text",String "foo")]),UnsafeObject (fromList [("text",String "bar")])]