Just (UnsafeObject (fromList [("text",String "foo")]))