Schema is not stored for asdf
CallStack (from HasCallStack):
  error, called at src/Data/GraphQL/Result/Getter/Internal.hs:75:28 in graphql-client-0.1.0-56eSVdBnMkzJYo9pxki0G:Data.GraphQL.Result.Getter.Internal