[UnsafeObject (fromList [("a",Null),("b",Number 1.0)]),UnsafeObject (fromList [("a",Object (fromList [("b",Number 2.0)])),("b",Number 3.0)])]