fromList [(NorthAmerica,["Bar"]),(SouthAmerica,["Quux","Baz"])]